<?xml version="1.0" encoding="utf-8" standalone="yes"?><rss version="2.0" xmlns:atom="http://www.w3.org/2005/Atom"><channel><title>memory on</title><link>https://coolbeevip.github.io/tags/memory/</link><description>Recent content in memory on</description><generator>Hugo -- gohugo.io</generator><language>en-us</language><lastBuildDate>Fri, 11 Mar 2022 13:24:14 +0800</lastBuildDate><atom:link href="https://coolbeevip.github.io/tags/memory/index.xml" rel="self" type="application/rss+xml"/><item><title>Linux Command - Memory</title><link>https://coolbeevip.github.io/posts/linux/linux-commands-memory/</link><pubDate>Fri, 11 Mar 2022 13:24:14 +0800</pubDate><guid>https://coolbeevip.github.io/posts/linux/linux-commands-memory/</guid><description>Linux 内存相关命令
查看系统内存 # free -h total used free shared buff/cache available Mem: 251G 40G 1.4G 4.0G 209G 206G Swap: 4.0G 3.7G 312M 内存占用 TOP N # ps aux | sort -k4,4nr | head -n 5 200 139348 227 6.9 38668500 18410776 ? Ssl 3月10 1905:49 /usr/lib/jvm/java-1.8.0-openjdk-1.8.0.282.b08-2.el8_3.x86_64/jre/bin/java...org.sonatype.nexus.karaf.NexusMain mysql 33407 1.2 2.2 349722012 6012524 ? Sl 2021 4596:18 /usr/local/mysql/bin/mysqld --basedir=/usr/local/mysql mysql 118257 0.4 0.5 10170064 1536084 ? Ssl 2月28 66:04 /usr/share/elasticsearch/jdk/bin/java -Xms1g -Xmx1g -XX:+UseConcMarkSweepGC root 42564 9.</description></item></channel></rss>